
> structured-docs-frontend@0.1.0 dev
> vite


  VITE v7.0.6  ready in 2948 ms

  ➜  Local:   http://localhost:5173/
  ➜  Network: http://10.0.3.112:5173/
Sending Request to the Target: GET /api/notifications
Sending Request to the Target: GET /api/projects/
Sending Request to the Target: GET /api/import/history
Received Response from the Target: 200 /api/projects/
Received Response from the Target: 200 /api/notifications
Received Response from the Target: 200 /api/import/history
Sending Request to the Target: GET /api/collections
Received Response from the Target: 200 /api/collections
Sending Request to the Target: GET /api/collections/stats
Received Response from the Target: 200 /api/collections/stats
Sending Request to the Target: GET /api/topics
Sending Request to the Target: GET /api/collections
Received Response from the Target: 200 /api/topics
Received Response from the Target: 200 /api/collections
Sending Request to the Target: PUT /api/collections
Received Response from the Target: 200 /api/collections
Sending Request to the Target: PUT /api/collections
Received Response from the Target: 200 /api/collections
Sending Request to the Target: PUT /api/collections
Received Response from the Target: 200 /api/collections
Sending Request to the Target: PUT /api/collections
Received Response from the Target: 200 /api/collections
Sending Request to the Target: PUT /api/collections
Received Response from the Target: 200 /api/collections
Sending Request to the Target: PUT /api/collections
Received Response from the Target: 200 /api/collections
Sending Request to the Target: PUT /api/collections
Received Response from the Target: 200 /api/collections
Sending Request to the Target: PUT /api/collections
Received Response from the Target: 200 /api/collections
Sending Request to the Target: PUT /api/collections
Received Response from the Target: 200 /api/collections
Sending Request to the Target: PUT /api/collections
Received Response from the Target: 200 /api/collections
Sending Request to the Target: PUT /api/collections
Received Response from the Target: 200 /api/collections
Sending Request to the Target: PUT /api/collections
Received Response from the Target: 200 /api/collections
Sending Request to the Target: PUT /api/collections
Received Response from the Target: 200 /api/collections
Sending Request to the Target: PUT /api/collections
Received Response from the Target: 200 /api/collections
Sending Request to the Target: POST /api/collections/20/publish
Received Response from the Target: 200 /api/collections/20/publish
Sending Request to the Target: GET /api/publications
Received Response from the Target: 200 /api/publications
Sending Request to the Target: GET /api/publications/9/export/pdf
Received Response from the Target: 200 /api/publications/9/export/pdf
Sending Request to the Target: GET /api/topics/
Sending Request to the Target: GET /api/reviews/reviewers
Sending Request to the Target: GET /api/projects/
Received Response from the Target: 200 /api/reviews/reviewers
Received Response from the Target: 200 /api/projects/
Received Response from the Target: 200 /api/topics/
Sending Request to the Target: GET /api/topics/1506
Received Response from the Target: 200 /api/topics/1506
Sending Request to the Target: GET /api/topics/
Sending Request to the Target: GET /api/projects/
Sending Request to the Target: GET /api/reviews/reviewers
Received Response from the Target: 200 /api/projects/
Received Response from the Target: 200 /api/reviews/reviewers
Received Response from the Target: 200 /api/topics/
Sending Request to the Target: GET /api/topics/1508
Received Response from the Target: 200 /api/topics/1508
Sending Request to the Target: GET /api/import/history
Received Response from the Target: 200 /api/import/history
Sending Request to the Target: GET /api/projects/
Received Response from the Target: 200 /api/projects/
Sending Request to the Target: GET /api/reviews/
Received Response from the Target: 200 /api/reviews/
Sending Request to the Target: GET /api/reviews/reviewers
Sending Request to the Target: GET /api/topics/
Sending Request to the Target: GET /api/projects/
Received Response from the Target: 200 /api/reviews/reviewers
Received Response from the Target: 200 /api/projects/
Received Response from the Target: 200 /api/topics/
Sending Request to the Target: GET /api/topics/183
Received Response from the Target: 200 /api/topics/183
Sending Request to the Target: GET /api/projects/
Sending Request to the Target: GET /api/import/history
Received Response from the Target: 200 /api/projects/
Received Response from the Target: 200 /api/import/history
Sending Request to the Target: GET /api/projects/
Received Response from the Target: 200 /api/projects/
Sending Request to the Target: GET /api/reviews/reviewers
Received Response from the Target: 200 /api/reviews/reviewers
Sending Request to the Target: GET /api/topics/
Received Response from the Target: 200 /api/topics/
Sending Request to the Target: GET /api/topics/1508
Received Response from the Target: 200 /api/topics/1508
Sending Request to the Target: GET /api/topics/
Sending Request to the Target: GET /api/projects/
Received Response from the Target: 200 /api/projects/
Sending Request to the Target: GET /api/reviews/reviewers
Received Response from the Target: 200 /api/reviews/reviewers
Received Response from the Target: 200 /api/topics/
Sending Request to the Target: GET /api/topics/848
Received Response from the Target: 200 /api/topics/848
Sending Request to the Target: GET /api/projects/
Received Response from the Target: 200 /api/projects/
Sending Request to the Target: GET /api/topics/
Received Response from the Target: 200 /api/topics/
Sending Request to the Target: GET /api/reviews/reviewers
Received Response from the Target: 200 /api/reviews/reviewers
